// Jest Snapshot v1, https://goo.gl/fbAQLP

exports[`Application Routes - route configuration and route related helper functions Application Route configuration App routes are configured in a list of routes 1`] = `
Array [
  Object {
    "component": "MockHomeView",
    "exact": true,
    "name": "Home View",
    "path": "/",
  },
  Object {
    "component": "MockAuthView",
    "exact": true,
    "name": "Auth View",
    "path": "/auth",
  },
  Object {
    "component": "MockServerErrorView",
    "exact": true,
    "name": "Server Error View",
    "path": "/error",
  },
  Object {
    "component": "MockNotFoundView",
    "exact": true,
    "name": "Not Found View",
    "path": "/*",
  },
]
`;
